// Jest Snapshot v1, https://goo.gl/fbAQLP

exports[`Render ExpenseListItem with fixture data 1`] = `
<div>
  <Link
    to="/edit/3"
  >
    <h3>
      Credit Card
    </h3>
  </Link>
  <p>
    $45.00
    -
    1st January, 1970
  </p>
</div>
`;
